// Jest Snapshot v1, https://goo.gl/fbAQLP

exports[`Doesn't override parser when not set [ESLint=7] 1`] = `
"FAIL __eslint__/file.js
  ● Test suite failed to run

    Failed to load parser 'this-parser-does-not-exist' declared in '.eslintrc.json': Cannot find module 'this-parser-does-not-exist'
    Require stack:
    - /mocked-path-to-jest-runner-mocha/integrationTests/__fixtures__/custom-parser/.eslintrc.json

      at Object.resolve (../../../node_modules/@eslint/eslintrc/lib/shared/relative-module-resolver.js:28:50)
          at _normalizeObjectConfigDataBody.next (<anonymous>)
          at _normalizeObjectConfigData.next (<anonymous>)

Test Suites: 1 failed, 1 total
Tests:       0 total
Snapshots:   0 total
Time:        
Ran all test suites.
"
`;

exports[`Doesn't override parser when not set 1`] = `
"FAIL __eslint__/file.js
  ● Test suite failed to run

    Failed to load parser 'this-parser-does-not-exist' declared in '.eslintrc.json': Cannot find module 'this-parser-does-not-exist'
    Require stack:
    - /mocked-path-to-jest-runner-mocha/integrationTests/__fixtures__/custom-parser/.eslintrc.json

      at Object.resolve (../../../node_modules/@eslint/eslintrc/dist/eslintrc.cjs:2337:46)
          at _normalizeObjectConfigDataBody.next (<anonymous>)
          at _normalizeObjectConfigData.next (<anonymous>)

Test Suites: 1 failed, 1 total
Tests:       0 total
Snapshots:   0 total
Time:        
Ran all test suites.
"
`;
